// Jest Snapshot v1, https://goo.gl/fbAQLP

exports[`<Button /> Snaphot must match defaultRender 1`] = `
<a
  className="button"
  href="/"
>
  <div
    className="buttonOuterBorder"
  >
    <div
      className="buttonFirstInnerBorder"
    >
      <div
        className="buttonSecondInnerBorder"
      >
        <div
          className="buttonContainer"
        >
          CHECKOUT
        </div>
      </div>
    </div>
  </div>
</a>
`;
